<html>
<body>
<pre>
<h1>µVision Build Log</h1>
<h2>Project:</h2>
D:\Dropbox\ESI\basicOS.uvproj
Project File Date:  03/26/2014

<h2>Output:</h2>
Build target 'Target 1'
assembling base.s...
linking...
Program Size: Code=2304 RO-data=48 RW-data=24 ZI-data=1024  
".\basicOS.axf" - 0 Error(s), 0 Warning(s).
Load "D:\\Dropbox\\ESI\\basicOS.axf" 
Erase Done.
Programming Done.
Verify OK.
failed  -  Target DLL has been cancelled
Load "D:\\Dropbox\\ESI\\basicOS.axf" 
Erase Done.
Programming Done.
Verify OK.
