<html>
<body>
<pre>
<h1>µVision Build Log</h1>
<h2>Project:</h2>
C:\Users\Tom\Desktop\ESI\basicOS.uvproj
Project File Date:  03/31/2014

<h2>Output:</h2>
Build target 'Target 1'
linking...
Program Size: Code=2440 RO-data=48 RW-data=24 ZI-data=1024  
".\basicOS.axf" - 0 Error(s), 0 Warning(s).
Load "C:\\Users\\Tom\\Desktop\\ESI\\basicOS.axf" 
Erase Done.
Programming Done.
Verify OK.
Load "C:\\Users\\Tom\\Desktop\\ESI\\basicOS.axf" 
Erase Done.
Programming Done.
Verify OK.
: A1284E: Literal pool too distant, use LTORG to assemble it within 4KB
base.s(89): error: A1284E: Literal pool too distant, use LTORG to assemble it within 4KB
base.s(91): error: A1284E: Literal pool too distant, use LTORG to assemble it within 4KB
base.s(109): error: A1284E: Literal pool too distant, use LTORG to assemble it within 4KB
".\basicOS.axf" - 7 Error(s), 0 Warning(s).
Target not created
